
[Incubating] Problems report is available at: file:///C:/Users/Tarun/OneDrive%20-%20MITADTU/Desktop/ALTU%20FALTU%20CHIZE/Sakti%20Armor/build/reports/problems/problems-report.html

Deprecated Gradle features were used in this build, making it incompatible with Gradle 10.0.

You can use '--warning-mode all' to show the individual deprecation warnings and determine if they come from your own scripts or plugins.

For more on this, please refer to https://docs.gradle.org/9.0-milestone-1/userguide/command_line_interface.html#sec:command_line_warnings in the Gradle documentation.
